<html>
<body>
<pre>
<h1>µVision Build Log</h1>
<h2>Tool Versions:</h2>
IDE-Version: ¦ÌVision V5.38.0.0
Copyright (C) 2022 ARM Ltd and ARM Germany GmbH. All rights reserved.
License Information: 1 leo, 1, LIC=32B1Q-NWUPT-FWJ2N-YJWQ3-Y9SMP-SKGZI
 
Tool Versions:
Toolchain:       MDK-ARM Plus  Version: 5.38.0.0
Toolchain Path:  D:\SoftWare\Keil_v5\ARM\ARMCC\Bin
C Compiler:      Armcc.exe V5.06 update 7 (build 960)
Assembler:       Armasm.exe V5.06 update 7 (build 960)
Linker/Locator:  ArmLink.exe V5.06 update 7 (build 960)
Library Manager: ArmAr.exe V5.06 update 7 (build 960)
Hex Converter:   FromElf.exe V5.06 update 7 (build 960)
CPU DLL:         SARMCM3.DLL V5.38.0.0
Dialog DLL:      DCM.DLL V1.17.5.0
Target DLL:      UL2CM3.DLL V1.164.8.0
Dialog DLL:      TCM.DLL V1.56.4.0
 
<h2>Project:</h2>
D:\Private\Project\NEW_Grayscale_Sensor\Source_Code\STM32\Grayscale_Trace\USER\Grayscale_Trace.uvprojx
Project File Date:  11/11/2025

<h2>Output:</h2>
*** Using Compiler 'V5.06 update 7 (build 960)', folder: 'D:\SoftWare\Keil_v5\ARM\ARMCC\Bin'
Build target 'Grayscale_Trace'
compiling app_motor.c...
..\APP\app_motor.c(3): warning:  #177-D: variable "speed_lr"  was declared but never referenced
  static float speed_lr = 0;
..\APP\app_motor.c(4): warning:  #177-D: variable "speed_fb"  was declared but never referenced
  static float speed_fb = 0;
..\APP\app_motor.c(5): warning:  #177-D: variable "speed_spin"  was declared but never referenced
  static float speed_spin = 0;
..\APP\app_motor.c(7): warning:  #177-D: variable "speed_L1_setup"  was declared but never referenced
  static int speed_L1_setup = 0;
..\APP\app_motor.c(8): warning:  #177-D: variable "speed_L2_setup"  was declared but never referenced
  static int speed_L2_setup = 0;
..\APP\app_motor.c(9): warning:  #177-D: variable "speed_R1_setup"  was declared but never referenced
  static int speed_R1_setup = 0;
..\APP\app_motor.c(10): warning:  #177-D: variable "speed_R2_setup"  was declared but never referenced
  static int speed_R2_setup = 0;
..\APP\app_motor.c(12): warning:  #177-D: variable "g_offset_yaw"  was declared but never referenced
  static int g_offset_yaw = 0;
..\APP\app_motor.c(13): warning:  #177-D: variable "g_speed_setup"  was declared but never referenced
  static uint16_t g_speed_setup = 0;
..\APP\app_motor.c: 9 warnings, 0 errors
linking...
Program Size: Code=10040 RO-data=432 RW-data=112 ZI-data=1352  
FromELF: creating hex file...
"..\OBJ\Grayscale_Trace.axf" - 0 Error(s), 9 Warning(s).

<h2>Software Packages used:</h2>

Package Vendor: Keil
                https://www.keil.com/pack/Keil.STM32F1xx_DFP.2.4.1.pack
                Keil.STM32F1xx_DFP.2.4.1
                STMicroelectronics STM32F1 Series Device Support, Drivers and Examples

<h2>Collection of Component include folders:</h2>
  C:/Users/leo/AppData/Local/Arm/Packs/Keil/STM32F1xx_DFP/2.4.1/Device/Include

<h2>Collection of Component Files used:</h2>
Build Time Elapsed:  00:00:00
</pre>
</body>
</html>
