<html>
<body>
<pre>
<h1>µVision Build Log</h1>
<h2>Tool Versions:</h2>
IDE-Version: ¦ÌVision V5.38.0.0
Copyright (C) 2022 ARM Ltd and ARM Germany GmbH. All rights reserved.
License Information: 1 leo, 1, LIC=32B1Q-NWUPT-FWJ2N-YJWQ3-Y9SMP-SKGZI
 
Tool Versions:
Toolchain:       MDK-ARM Plus  Version: 5.38.0.0
Toolchain Path:  D:\SoftWare\Keil_v5\ARM\ARMCC\Bin
C Compiler:      Armcc.exe V5.06 update 7 (build 960)
Assembler:       Armasm.exe V5.06 update 7 (build 960)
Linker/Locator:  ArmLink.exe V5.06 update 7 (build 960)
Library Manager: ArmAr.exe V5.06 update 7 (build 960)
Hex Converter:   FromElf.exe V5.06 update 7 (build 960)
CPU DLL:         SARMCM3.DLL V5.38.0.0
Dialog DLL:      DCM.DLL V1.17.5.0
Target DLL:      UL2CM3.DLL V1.164.8.0
Dialog DLL:      TCM.DLL V1.56.4.0
 
<h2>Project:</h2>
D:\Private\Project\NEW_Grayscale_Sensor\Source_Code\STM32\Grayscale_Read\USER\Grayscale_Read.uvprojx
Project File Date:  11/03/2025

<h2>Output:</h2>
*** Using Compiler 'V5.06 update 7 (build 960)', folder: 'D:\SoftWare\Keil_v5\ARM\ARMCC\Bin'
Build target 'Grayscale_Read'
compiling grayscale_sensor.c...
..\BSP\Grayscale_Sensor\grayscale_sensor.c(12): warning:  #188-D: enumerated type mixed with another type
      SENSOR_AD0_WRITE((channel >> 0) & 0x01);  // bit0 -> AD0
..\BSP\Grayscale_Sensor\grayscale_sensor.c(13): warning:  #188-D: enumerated type mixed with another type
      SENSOR_AD1_WRITE((channel >> 1) & 0x01);  // bit1 -> AD1
..\BSP\Grayscale_Sensor\grayscale_sensor.c(14): warning:  #188-D: enumerated type mixed with another type
      SENSOR_AD2_WRITE((channel >> 2) & 0x01);  // bit2 -> AD2
..\BSP\Grayscale_Sensor\grayscale_sensor.c: 3 warnings, 0 errors
linking...
Program Size: Code=3448 RO-data=368 RW-data=88 ZI-data=1040  
FromELF: creating hex file...
"..\OBJ\Grayscale_Read.axf" - 0 Error(s), 3 Warning(s).

<h2>Software Packages used:</h2>

Package Vendor: Keil
                https://www.keil.com/pack/Keil.STM32F1xx_DFP.2.4.1.pack
                Keil.STM32F1xx_DFP.2.4.1
                STMicroelectronics STM32F1 Series Device Support, Drivers and Examples

<h2>Collection of Component include folders:</h2>
  C:/Users/leo/AppData/Local/Arm/Packs/Keil/STM32F1xx_DFP/2.4.1/Device/Include

<h2>Collection of Component Files used:</h2>
Build Time Elapsed:  00:00:02
</pre>
</body>
</html>
